>>> 已连接知识库：d3_product_kb，共 19 条文档

======================================================================
对比实验：纯向量检索 vs 增强检索（混合/元数据过滤）
======================================================================

【场景一：精确错误码查询】
  查询："E-4012 错误怎么解决"
  纯向量检索 Top-1 ❌：（无结果）
  混合检索（全文关键词 E-4012） Top-1 ✅：错误码 E-4012：数据库连接池耗尽。当并发连接数超过 max_connections 配置值时触发。解决方案：(1) 增大 m...

【场景二：精确季度数据查询】
  查询："2024年Q3的营收情况"
  纯向量检索 Top-1 ❌：2024年Q1营收数据：总营收 2.05 亿元，同比增长 22%。其中云服务收入 1.28 亿元，License 收入 0.77 ...
  混合检索（全文关键词 Q3） Top-1 ❌：2024年Q1营收数据：总营收 2.05 亿元，同比增长 22%。其中云服务收入 1.28 亿元，License 收入 0.77 ...

【场景三：精确版本号查询（版本号含点号，全文搜索分词器不支持）】
  查询："OB-4.2.1 版本和旧版本兼容吗"
  纯向量检索 Top-1 ✅：版本支持策略：当前推荐生产版本为 OB-4.2.1。OB-4.1.0 仍在维护窗口内；OB-3.2.4 仅提供安全补丁。新部署请直...
  向量检索 + 元数据过滤（version=4.2.1） Top-1 ✅：版本支持策略：当前推荐生产版本为 OB-4.2.1。OB-4.1.0 仍在维护窗口内；OB-3.2.4 仅提供安全补丁。新部署请直...

【场景四：精确函数名查询】
  查询："DBMS_HYBRID_SEARCH 函数的用法"
  纯向量检索 Top-1 ❌：检索能力 FAQ：若需求是“既能按意思找文档，又能精确命中错误码/函数名”，应使用混合检索能力，对应 API 为 DBMS_HYB...
  混合检索（全文关键词 DBMS_HYBRID_SEARCH） Top-1 ✅：DBMS_HYBRID_SEARCH 函数说明：执行混合检索，同时利用向量语义搜索和全文关键词搜索。语法：DBMS_HYBRID_...

【场景五：纯语义查询（对照组，两种方式差异不大）】
  查询："怎么优化数据库的查询性能"
  纯向量检索 Top-1 ❌：索引设计最佳实践：为高频查询条件列创建索引。复合索引的列顺序应遵循最左前缀原则。避免在低基数列（如性别、状态）上单独建立索引。定期...
  混合检索（全文关键词 性能） Top-1 ❌：OB-4.2.1 版本兼容性说明：OB-4.2.1 与 OB-4.1.x 保持向后兼容，但不兼容 OB-3.x 系列。升级前请确认...

======================================================================
汇总结果：
  纯向量检索命中率：1/5
  增强检索命中率：  3/5
