>>> 已连接知识库：d2_knowledge_base，共 8 条文档

==================================================
  混合搜索：精确编号
==================================================
  [1] 分数：0.0328  内容：错误码 E-4012 表示数据库连接超时。解决方案：检查网络和端口，超时建议设为 30 秒。
       分类：error_codes  版本：4.2
  [2] 分数：0.0161  内容：错误码 E-4013 表示认证失败。请检查用户名、密码和账户锁定状态。
       分类：error_codes  版本：4.2
  [3] 分数：0.0159  内容：错误码 E-4011 表示连接被拒绝。请确认数据库服务和防火墙规则。
       分类：error_codes  版本：4.2
✅ E-4012 位于混合搜索第一名。

==================================================
  混合搜索：语义理解
==================================================
  [1] 分数：0.0318  内容：访问控制架构设计：基于 RBAC 实现用户权限管理，并按最小权限原则分配角色。
       分类：architecture  版本：4.1
  [2] 分数：0.0164  内容：连接池配置：最大连接数建议为 CPU 核心数的 2-4 倍，连接超时建议 30 秒。
       分类：best_practices  版本：4.2
  [3] 分数：0.0161  内容：数据备份与恢复：每天全量备份，每小时增量备份，并使用独立存储介质。
       分类：best_practices  版本：4.2
✅ 结果中找到了访问控制/RBAC 相关文档。

==================================================
  混合搜索 + 版本过滤
==================================================
  [1] 分数：0.0323  内容：数据库查询性能优化指南：为高频 WHERE 条件列建立索引，避免在索引列上使用函数。
       分类：best_practices  版本：4.2
  [2] 分数：0.0164  内容：连接池配置：最大连接数建议为 CPU 核心数的 2-4 倍，连接超时建议 30 秒。
       分类：best_practices  版本：4.2
  [3] 分数：0.0161  内容：数据备份与恢复：每天全量备份，每小时增量备份，并使用独立存储介质。
       分类：best_practices  版本：4.2
✅ 返回结果均满足 version=4.2。

