>>> 已连接知识库：d2_knowledge_base，共 8 条文档


############################################################
  查询：「错误码 E-4012 的解决方案」
############################################################

  纯向量搜索                                混合搜索（向量 + 全文）
  [1] 错误码 E-4012 表示数据库连接超时。解决方案：检查网络 (0.206)     [1] 错误码 E-4012 表示数据库连接超时。解决方案：检查网络 (0.033)
  [2] 错误码 E-4013 表示认证失败。请检查用户名、密码和账户 (0.227)     [2] 错误码 E-4013 表示认证失败。请检查用户名、密码和账户 (0.016)
  [3] 错误码 E-4011 表示连接被拒绝。请确认数据库服务和防火 (0.322)     [3] 错误码 E-4011 表示连接被拒绝。请确认数据库服务和防火 (0.016)
✅ 混合搜索结果包含「E-4012」相关内容。


############################################################
  查询：「怎么设计用户权限」
############################################################

  纯向量搜索                                混合搜索（向量 + 全文）
  [1] 连接池配置：最大连接数建议为 CPU 核心数的 2-4 倍， (0.467)     [1] 访问控制架构设计：基于 RBAC 实现用户权限管理，并按最小 (0.032)
  [2] 数据备份与恢复：每天全量备份，每小时增量备份，并使用独立存储 (0.558)     [2] 连接池配置：最大连接数建议为 CPU 核心数的 2-4 倍， (0.016)
  [3] 数据库查询性能优化指南：为高频 WHERE 条件列建立索引， (0.573)     [3] 数据备份与恢复：每天全量备份，每小时增量备份，并使用独立存储 (0.016)
✅ 混合搜索结果包含「访问控制」相关内容。


############################################################
  查询：「数据库性能优化」
############################################################

  纯向量搜索                                混合搜索（向量 + 全文）
  [1] 连接池配置：最大连接数建议为 CPU 核心数的 2-4 倍， (0.475)     [1] 数据库查询性能优化指南：为高频 WHERE 条件列建立索引， (0.032)
  [2] 数据备份与恢复：每天全量备份，每小时增量备份，并使用独立存储 (0.561)     [2] 连接池配置：最大连接数建议为 CPU 核心数的 2-4 倍， (0.016)
  [3] 数据库查询性能优化指南：为高频 WHERE 条件列建立索引， (0.582)     [3] 数据备份与恢复：每天全量备份，每小时增量备份，并使用独立存储 (0.016)
✅ 混合搜索结果包含「性能优化」相关内容。

