>>> 已连接知识库：d2_knowledge_base，共 8 条文档

==================================================
  向量搜索：语义理解
==================================================
  [1] 相关度分数：0.4674
       内容：连接池配置：最大连接数建议为 CPU 核心数的 2-4 倍，连接超时建议 30 秒。
       分类：best_practices  版本：4.2
  [2] 相关度分数：0.5577
       内容：数据备份与恢复：每天全量备份，每小时增量备份，并使用独立存储介质。
       分类：best_practices  版本：4.2
  [3] 相关度分数：0.5729
       内容：数据库查询性能优化指南：为高频 WHERE 条件列建立索引，避免在索引列上使用函数。
       分类：best_practices  版本：4.2
⚠️  本次结果未命中访问控制/RBAC，不能断言语义检索成功。

==================================================
  向量搜索：精确编号
==================================================
  [1] 相关度分数：0.2061
       内容：错误码 E-4012 表示数据库连接超时。解决方案：检查网络和端口，超时建议设为 30 秒。
       分类：error_codes  版本：4.2
  [2] 相关度分数：0.2270
       内容：错误码 E-4013 表示认证失败。请检查用户名、密码和账户锁定状态。
       分类：error_codes  版本：4.2
  [3] 相关度分数：0.3219
       内容：错误码 E-4011 表示连接被拒绝。请确认数据库服务和防火墙规则。
       分类：error_codes  版本：4.2
✅ 本次向量搜索第一名恰好是 E-4012；实际排名仍可能受模型影响。

